











                                                                     ╭────────────────────────────────────────────────────────────╮
                                                                     │                                                            │
                                                                     │  🔍 Local Search (Agent Deck sessions)                     │
                                                                     │                                                            │
                                                                     │  ╭──────────────────────────────────────────────────╮      │
                                                                     │  │ > Search sessions...                             │      │
                                                                     │  ╰──────────────────────────────────────────────────╯      │
                                                                     │  ⚠ Recall is off ([recall] enabled = false in              │
                                                                     │  config.toml)                                              │
                                                                     │    Tip: waiting / running / idle to filter by status       │
                                                                     │                                                            │
                                                                     │    › session-01 (claude)  sessions · ?                     │
                                                                     │      session-02 (claude)  sessions · ?                     │
                                                                     │      session-03 (claude)  sessions · ?                     │
                                                                     │      session-04 (claude)  sessions · ?                     │
                                                                     │      session-05 (claude)  sessions · ?                     │
                                                                     │      session-06 (claude)  sessions · ?                     │
                                                                     │      session-07 (claude)  sessions · ?                     │
                                                                     │      session-08 (claude)  sessions · ?                     │
                                                                     │      session-09 (claude)  sessions · ?                     │
                                                                     │      session-10 (claude)  sessions · ?                     │
                                                                     │    11 results                                              │
                                                                     │    [Enter] Select  [↑↓] Navigate                           │
                                                                     │    [Tab] Global  [Esc] Cancel                              │
                                                                     │                                                            │
                                                                     ╰────────────────────────────────────────────────────────────╯
