    ╭──────────────────────────────────────────────────╮
    │  🔍 Local Search (Agent Deck sessions)           │
    │  ╭────────────────────────────────────────╮      │
    │  │ > Search sessions...                   │      │
    │  ╰────────────────────────────────────────╯      │
    │    Tip: waiting / running / idle to filter by    │
    │  status                                          │
    │    › session-01 (claude)  sessions · ?           │
    │      session-02 (claude)  sessions · ?           │
    │  ▼ more below                                    │
    │    11 results                                    │
    │    [Enter] Select  [↑↓] Navigate                 │
    │    [Tab] Global  [Esc] Cancel                    │
    ╰──────────────────────────────────────────────────╯
