                                                                                                                        
                                                                                                                        
                                                                                                                        
                                                                                                                        
                                                                                                                        
                                                                                                                        
                                                                                                                        
                                                                                                                        
                                                                                                                        
                                                                                                                        
                                                                                                                        
                                                                                                                        
                                                                                                                        
                                                                                                                        
                 [38;2;125;207;255m╭────────────────────────────────────────────────────────────────────────────────────╮[0m                 
                 [38;2;125;207;255m│[0m[48;2;36;40;59m                                                                                    [0m[38;2;125;207;255m│[0m                 
                 [38;2;125;207;255m│[0m[48;2;36;40;59m                                                                                    [0m[38;2;125;207;255m│[0m                 
                 [38;2;125;207;255m│[0m[48;2;36;40;59m    [0m[48;2;36;40;59m[1;38;2;125;207;255mNew Session[0m[0m[48;2;36;40;59m    [0m[48;2;36;40;59m                                                                 [0m[38;2;125;207;255m│[0m                 
                 [38;2;125;207;255m│[0m[48;2;36;40;59m    [0m[48;2;36;40;59m           [0m[48;2;36;40;59m    [0m[48;2;36;40;59m                                                                 [0m[38;2;125;207;255m│[0m                 
                 [38;2;125;207;255m│[0m[48;2;36;40;59m    [0m[48;2;36;40;59m[38;2;187;154;247m  in group: default[0m[0m[48;2;36;40;59m    [0m[48;2;36;40;59m                                                         [0m[38;2;125;207;255m│[0m                 
                 [38;2;125;207;255m│[0m[48;2;36;40;59m    [0m[48;2;36;40;59m[0m[48;2;36;40;59m    [0m[48;2;36;40;59m                                                                            [0m[38;2;125;207;255m│[0m                 
                 [38;2;125;207;255m│[0m[48;2;36;40;59m    [0m[48;2;36;40;59m[1;38;2;125;207;255m▶ Name:[0m[0m[48;2;36;40;59m    [0m[48;2;36;40;59m                                                                     [0m[38;2;125;207;255m│[0m                 
                 [38;2;125;207;255m│[0m[48;2;36;40;59m    [0m[48;2;36;40;59m  > [7ms[0m[38;5;240mession-name[0m                                                          [0m[48;2;36;40;59m    [0m[48;2;36;40;59m  [0m[38;2;125;207;255m│[0m                 
                 [38;2;125;207;255m│[0m[48;2;36;40;59m    [0m[48;2;36;40;59m[0m[48;2;36;40;59m    [0m[48;2;36;40;59m                                                                            [0m[38;2;125;207;255m│[0m                 
                 [38;2;125;207;255m│[0m[48;2;36;40;59m    [0m[48;2;36;40;59m[38;2;192;202;245m  Command:[0m[0m[48;2;36;40;59m    [0m[48;2;36;40;59m                                                                  [0m[38;2;125;207;255m│[0m                 
                 [38;2;125;207;255m│[0m[48;2;36;40;59m    [0m[48;2;36;40;59m  [48;2;121;162;247m  [0m[1;38;2;26;27;38;48;2;121;162;247mshell[0m[48;2;121;162;247m  [0m [48;2;36;40;59m  [0m[38;2;120;127;160;48;2;36;40;59mclaude[0m[48;2;36;40;59m  [0m [48;2;36;40;59m  [0m[38;2;120;127;160;48;2;36;40;59mgemini[0m[48;2;36;40;59m  [0m [48;2;36;40;59m  [0m[38;2;120;127;160;48;2;36;40;59mopencode[0m[48;2;36;40;59m  [0m [48;2;36;40;59m  [0m[38;2;120;127;160;48;2;36;40;59mcodex[0m[48;2;36;40;59m  [0m [48;2;36;40;59m  [0m[38;2;120;127;160;48;2;36;40;59mpi[0m[48;2;36;40;59m  [0m [48;2;36;40;59m  [0m[38;2;120;127;160;48;2;36;40;59mcopilot[0m[48;2;36;40;59m  [0m[0m[48;2;36;40;59m    [0m[48;2;36;40;59m [0m[38;2;125;207;255m│[0m                 
                 [38;2;125;207;255m│[0m[48;2;36;40;59m    [0m[48;2;36;40;59m  [48;2;36;40;59m  [0m[38;2;120;127;160;48;2;36;40;59mcrush[0m[48;2;36;40;59m  [0m [48;2;36;40;59m  [0m[38;2;120;127;160;48;2;36;40;59mmuse[0m[48;2;36;40;59m  [0m [48;2;36;40;59m  [0m[38;2;120;127;160;48;2;36;40;59mcursor agent[0m[48;2;36;40;59m  [0m [48;2;36;40;59m  [0m[38;2;120;127;160;48;2;36;40;59mhermes[0m[48;2;36;40;59m  [0m [48;2;36;40;59m  [0m[38;2;120;127;160;48;2;36;40;59mdeepseek[0m[48;2;36;40;59m  [0m [48;2;36;40;59m  [0m[38;2;120;127;160;48;2;36;40;59momp[0m[48;2;36;40;59m  [0m[0m[48;2;36;40;59m    [0m[48;2;36;40;59m       [0m[38;2;125;207;255m│[0m                 
                 [38;2;125;207;255m│[0m[48;2;36;40;59m    [0m[48;2;36;40;59m[0m[48;2;36;40;59m    [0m[48;2;36;40;59m                                                                            [0m[38;2;125;207;255m│[0m                 
                 [38;2;125;207;255m│[0m[48;2;36;40;59m    [0m[48;2;36;40;59m[38;2;192;202;245m    Custom:[0m[0m[48;2;36;40;59m    [0m[48;2;36;40;59m                                                                 [0m[38;2;125;207;255m│[0m                 
                 [38;2;125;207;255m│[0m[48;2;36;40;59m    [0m[48;2;36;40;59m    > [38;5;240mc[0m[38;5;240mustom command[0m                                                        [0m[48;2;36;40;59m    [0m[38;2;125;207;255m│[0m                 
                 [38;2;125;207;255m│[0m[48;2;36;40;59m    [0m[48;2;36;40;59m[0m[48;2;36;40;59m    [0m[48;2;36;40;59m                                                                            [0m[38;2;125;207;255m│[0m                 
                 [38;2;125;207;255m│[0m[48;2;36;40;59m    [0m[48;2;36;40;59m[38;2;192;202;245m  Path:[0m[0m[48;2;36;40;59m    [0m[48;2;36;40;59m                                                                     [0m[38;2;125;207;255m│[0m                 
                 [38;2;125;207;255m│[0m[48;2;36;40;59m    [0m[48;2;36;40;59m  > /work/project[0m[48;2;36;40;59m    [0m[48;2;36;40;59m                                                           [0m[38;2;125;207;255m│[0m                 
                 [38;2;125;207;255m│[0m[48;2;36;40;59m    [0m[48;2;36;40;59m[0m[48;2;36;40;59m    [0m[48;2;36;40;59m                                                                            [0m[38;2;125;207;255m│[0m                 
                 [38;2;125;207;255m│[0m[48;2;36;40;59m    [0m[48;2;36;40;59m  [ ] [38;2;192;202;245mCreate in worktree[0m[0m[48;2;36;40;59m    [0m[48;2;36;40;59m                                                    [0m[38;2;125;207;255m│[0m                 
                 [38;2;125;207;255m│[0m[48;2;36;40;59m    [0m[48;2;36;40;59m  [ ] [38;2;192;202;245mRun in Docker sandbox[0m[0m[48;2;36;40;59m    [0m[48;2;36;40;59m                                                 [0m[38;2;125;207;255m│[0m                 
                 [38;2;125;207;255m│[0m[48;2;36;40;59m    [0m[48;2;36;40;59m[0m[48;2;36;40;59m    [0m[48;2;36;40;59m                                                                            [0m[38;2;125;207;255m│[0m                 
                 [38;2;125;207;255m│[0m[48;2;36;40;59m    [0m[48;2;36;40;59m  [ ] [38;2;192;202;245mMulti-repo mode[0m[0m[48;2;36;40;59m    [0m[48;2;36;40;59m                                                       [0m[38;2;125;207;255m│[0m                 
                 [38;2;125;207;255m│[0m[48;2;36;40;59m    [0m[48;2;36;40;59m[0m[48;2;36;40;59m    [0m[48;2;36;40;59m                                                                            [0m[38;2;125;207;255m│[0m                 
                 [38;2;125;207;255m│[0m[48;2;36;40;59m    [0m[48;2;36;40;59m[38;2;192;202;245m  [ Create session ][0m[0m[48;2;36;40;59m    [0m[48;2;36;40;59m                                                        [0m[38;2;125;207;255m│[0m                 
                 [38;2;125;207;255m│[0m[48;2;36;40;59m    [0m[48;2;36;40;59m[0m[48;2;36;40;59m    [0m[48;2;36;40;59m                                                                            [0m[38;2;125;207;255m│[0m                 
                 [38;2;125;207;255m│[0m[48;2;36;40;59m    [0m[48;2;36;40;59m                                                            [0m[48;2;36;40;59m    [0m[48;2;36;40;59m                [0m[38;2;125;207;255m│[0m                 
                 [38;2;125;207;255m│[0m[48;2;36;40;59m    [0m[48;2;36;40;59m[38;2;120;127;160mTab next │ ↑↓ navigate │ Enter next │ ^S create │ Esc cancel[0m[0m[48;2;36;40;59m    [0m[48;2;36;40;59m                [0m[38;2;125;207;255m│[0m                 
                 [38;2;125;207;255m│[0m[48;2;36;40;59m                                                                                    [0m[38;2;125;207;255m│[0m                 
                 [38;2;125;207;255m│[0m[48;2;36;40;59m                                                                                    [0m[38;2;125;207;255m│[0m                 
                 [38;2;125;207;255m╰────────────────────────────────────────────────────────────────────────────────────╯[0m                 
                                                                                                                        
                                                                                                                        
                                                                                                                        
                                                                                                                        
                                                                                                                        
                                                                                                                        
                                                                                                                        
                                                                                                                        
                                                                                                                        
                                                                                                                        
                                                                                                                        
                                                                                                                        
                                                                                                                        
                                                                                                                        