[
  {
    "id": "golden-sess-1",
    "title": "claude idle",
    "path": "/repo/app",
    "group": "sessions",
    "tool": "claude",
    "account": "",
    "status": "error",
    "status_source": "live",
    "substate": "unknown-exit",
    "tmux_session": "ad-golden-sess-1",
    "profile": "goldens",
    "created_at": "<TIMESTAMP>",
    "archived": false,
    "archived_at": "<TIMESTAMP>",
    "last_activity_at": "<TIMESTAMP>",
    "viewers": []
  },
  {
    "id": "golden-sess-2",
    "title": "codex running",
    "path": "/repo/app",
    "group": "sessions",
    "tool": "codex",
    "account": "",
    "status": "error",
    "status_source": "live",
    "substate": "unknown-exit",
    "tmux_session": "ad-golden-sess-2",
    "profile": "goldens",
    "created_at": "<TIMESTAMP>",
    "archived": false,
    "archived_at": "<TIMESTAMP>",
    "resolved_codex_home": "<SANDBOX_HOME>/.codex",
    "last_activity_at": "<TIMESTAMP>",
    "viewers": []
  },
  {
    "id": "golden-sess-3",
    "title": "gemini waiting",
    "path": "/repo/backend",
    "group": "backend",
    "tool": "gemini",
    "account": "",
    "status": "error",
    "status_source": "live",
    "substate": "unknown-exit",
    "tmux_session": "ad-golden-sess-3",
    "profile": "goldens",
    "created_at": "<TIMESTAMP>",
    "archived": false,
    "archived_at": "<TIMESTAMP>",
    "last_activity_at": "<TIMESTAMP>",
    "viewers": []
  },
  {
    "id": "golden-sess-4",
    "title": "shell error",
    "path": "/repo/backend",
    "group": "backend",
    "tool": "shell",
    "account": "",
    "status": "error",
    "status_source": "live",
    "tmux_session": "ad-golden-sess-4",
    "profile": "goldens",
    "created_at": "<TIMESTAMP>",
    "archived": false,
    "archived_at": "<TIMESTAMP>",
    "last_activity_at": "<TIMESTAMP>",
    "viewers": []
  },
  {
    "id": "golden-sess-5",
    "title": "claude stopped",
    "path": "/repo/backend/api",
    "group": "backend/api",
    "tool": "claude",
    "account": "",
    "status": "stopped",
    "status_source": "cached",
    "tmux_session": "ad-golden-sess-5",
    "profile": "goldens",
    "created_at": "<TIMESTAMP>",
    "archived": false,
    "archived_at": "<TIMESTAMP>",
    "last_activity_at": "<TIMESTAMP>",
    "viewers": []
  },
  {
    "id": "golden-sess-6",
    "title": "codex queued",
    "path": "/repo/backend/api",
    "group": "backend/api",
    "tool": "codex",
    "account": "",
    "status": "error",
    "status_source": "live",
    "substate": "unknown-exit",
    "tmux_session": "ad-golden-sess-6",
    "profile": "goldens",
    "created_at": "<TIMESTAMP>",
    "archived": false,
    "archived_at": "<TIMESTAMP>",
    "resolved_codex_home": "<SANDBOX_HOME>/.codex",
    "last_activity_at": "<TIMESTAMP>",
    "viewers": []
  }
]
