Profile: goldens

TITLE                GROUP           PATH                                     ID           ACCOUNT
--------------------------------------------------------------------------------------------
claude idle          sessions        /repo/app                                golden-sess- ""
codex running        sessions        /repo/app                                golden-sess- ""
gemini waiting       backend         /repo/backend                            golden-sess- ""
shell error          backend         /repo/backend                            golden-sess- ""
claude stopped       backend/api     /repo/backend/api                        golden-sess- ""
codex queued         backend/api     /repo/backend/api                        golden-sess- ""

Total: 6 sessions
