{
  "instances": [
    {
      "account": "",
      "acknowledged": 0,
      "archived_at": 0,
      "auto_name": 0,
      "auto_name_description": "",
      "command": "",
      "created_at": 1790078400,
      "group_path": "my-sessions",
      "id": "golden-sess-1",
      "is_conductor": 0,
      "last_accessed": 1790078400,
      "last_sent_at": 0,
      "no_transition_notify": 0,
      "parent_session_id": "",
      "pin": "",
      "project_path": "/repo/app",
      "sort_order": 0,
      "status": "idle",
      "title": "claude idle",
      "title_locked": 0,
      "tmux_session": "ad-golden-sess-1",
      "tmux_socket_name": "",
      "tool": "claude",
      "tool_data": "{}",
      "worktree_branch": "",
      "worktree_path": "",
      "worktree_repo": "",
      "wrapper": ""
    },
    {
      "account": "",
      "acknowledged": 0,
      "archived_at": 0,
      "auto_name": 0,
      "auto_name_description": "",
      "command": "",
      "created_at": 1790078460,
      "group_path": "my-sessions",
      "id": "golden-sess-2",
      "is_conductor": 0,
      "last_accessed": 1790078460,
      "last_sent_at": 0,
      "no_transition_notify": 0,
      "parent_session_id": "",
      "pin": "",
      "project_path": "/repo/app",
      "sort_order": 1,
      "status": "running",
      "title": "codex running",
      "title_locked": 0,
      "tmux_session": "ad-golden-sess-2",
      "tmux_socket_name": "",
      "tool": "codex",
      "tool_data": "{}",
      "worktree_branch": "",
      "worktree_path": "",
      "worktree_repo": "",
      "wrapper": ""
    },
    {
      "account": "",
      "acknowledged": 0,
      "archived_at": 0,
      "auto_name": 0,
      "auto_name_description": "",
      "command": "",
      "created_at": 1790078520,
      "group_path": "backend",
      "id": "golden-sess-3",
      "is_conductor": 0,
      "last_accessed": 1790078520,
      "last_sent_at": 0,
      "no_transition_notify": 0,
      "parent_session_id": "",
      "pin": "",
      "project_path": "/repo/backend",
      "sort_order": 2,
      "status": "waiting",
      "title": "gemini waiting",
      "title_locked": 0,
      "tmux_session": "ad-golden-sess-3",
      "tmux_socket_name": "",
      "tool": "gemini",
      "tool_data": "{}",
      "worktree_branch": "",
      "worktree_path": "",
      "worktree_repo": "",
      "wrapper": ""
    },
    {
      "account": "",
      "acknowledged": 0,
      "archived_at": 0,
      "auto_name": 0,
      "auto_name_description": "",
      "command": "",
      "created_at": 1790078580,
      "group_path": "backend",
      "id": "golden-sess-4",
      "is_conductor": 0,
      "last_accessed": 1790078580,
      "last_sent_at": 0,
      "no_transition_notify": 0,
      "parent_session_id": "",
      "pin": "",
      "project_path": "/repo/backend",
      "sort_order": 3,
      "status": "error",
      "title": "shell error",
      "title_locked": 0,
      "tmux_session": "ad-golden-sess-4",
      "tmux_socket_name": "",
      "tool": "shell",
      "tool_data": "{}",
      "worktree_branch": "",
      "worktree_path": "",
      "worktree_repo": "",
      "wrapper": ""
    },
    {
      "account": "",
      "acknowledged": 0,
      "archived_at": 0,
      "auto_name": 0,
      "auto_name_description": "",
      "command": "",
      "created_at": 1790078640,
      "group_path": "backend/api",
      "id": "golden-sess-5",
      "is_conductor": 0,
      "last_accessed": 1790078640,
      "last_sent_at": 0,
      "no_transition_notify": 0,
      "parent_session_id": "",
      "pin": "",
      "project_path": "/repo/backend/api",
      "sort_order": 4,
      "status": "stopped",
      "title": "claude stopped",
      "title_locked": 0,
      "tmux_session": "ad-golden-sess-5",
      "tmux_socket_name": "",
      "tool": "claude",
      "tool_data": "{}",
      "worktree_branch": "",
      "worktree_path": "",
      "worktree_repo": "",
      "wrapper": ""
    },
    {
      "account": "",
      "acknowledged": 0,
      "archived_at": 0,
      "auto_name": 0,
      "auto_name_description": "",
      "command": "",
      "created_at": 1790078700,
      "group_path": "backend/api",
      "id": "golden-sess-6",
      "is_conductor": 0,
      "last_accessed": 1790078700,
      "last_sent_at": 0,
      "no_transition_notify": 0,
      "parent_session_id": "",
      "pin": "",
      "project_path": "/repo/backend/api",
      "sort_order": 5,
      "status": "queued",
      "title": "codex queued",
      "title_locked": 0,
      "tmux_session": "ad-golden-sess-6",
      "tmux_socket_name": "",
      "tool": "codex",
      "tool_data": "{}",
      "worktree_branch": "",
      "worktree_path": "",
      "worktree_repo": "",
      "wrapper": ""
    },
    {
      "account": "",
      "acknowledged": 0,
      "archived_at": 0,
      "auto_name": 0,
      "auto_name_description": "",
      "command": "",
      "created_at": 1790078400,
      "group_path": "my-sessions",
      "id": "golden-sess-shell",
      "is_conductor": 0,
      "last_accessed": "\u003cVOLATILE_LAST_ACCESSED\u003e",
      "last_sent_at": 0,
      "no_transition_notify": 0,
      "parent_session_id": "",
      "pin": "",
      "project_path": "<SANDBOX_HOME>/shell-fixture-project",
      "sort_order": 0,
      "status": "stopped",
      "title": "storage bytes shell",
      "title_locked": 0,
      "tmux_session": "ad-golden-sess-shell",
      "tmux_socket_name": "",
      "tool": "shell",
      "tool_data": "{}",
      "worktree_branch": "",
      "worktree_path": "",
      "worktree_repo": "",
      "wrapper": ""
    }
  ],
  "groups": [
    {
      "default_path": "/repo/backend",
      "expanded": 1,
      "max_concurrent": 1,
      "name": "Backend",
      "path": "backend",
      "sort_order": 1
    },
    {
      "default_path": "/repo/backend/api",
      "expanded": 1,
      "max_concurrent": 2,
      "name": "API",
      "path": "backend/api",
      "sort_order": 0
    },
    {
      "default_path": "",
      "expanded": 1,
      "max_concurrent": 0,
      "name": "sessions",
      "path": "my-sessions",
      "sort_order": 0
    }
  ]
}
